Art 1 144
11
https://www.thingiverse.com/search?page=11&per_page=20&sort=popular&type=things&q=&category_id=144
https://www.thingiverse.com/thing:3110363
https://www.thingiverse.com/thing:3110363/comments
build success
write success
https://www.thingiverse.com/thing:4875494
https://www.thingiverse.com/thing:4875494/comments
build success
write success
https://www.thingiverse.com/thing:422076
https://www.thingiverse.com/thing:422076/comments
build success
write success
https://www.thingiverse.com/thing:3286942
https://www.thingiverse.com/thing:3286942/comments
build success
write success
https://www.thingiverse.com/thing:2318464
https://www.thingiverse.com/thing:2318464/comments
build success
write success
